Archive member included to satisfy reference by file (symbol)

/opt/fsl-imx-x11/4.1.15-2.1.0/sysroots/cortexa7hf-neon-poky-linux-gnueabi/usr/lib/arm-poky-linux-gnueabi/5.3.0/libgcc.a(_udivsi3.o)
                              arch/arm/cpu/armv7/built-in.o (__aeabi_uidiv)
/opt/fsl-imx-x11/4.1.15-2.1.0/sysroots/cortexa7hf-neon-poky-linux-gnueabi/usr/lib/arm-poky-linux-gnueabi/5.3.0/libgcc.a(_divsi3.o)
                              cmd/built-in.o (__aeabi_idiv)
/opt/fsl-imx-x11/4.1.15-2.1.0/sysroots/cortexa7hf-neon-poky-linux-gnueabi/usr/lib/arm-poky-linux-gnueabi/5.3.0/libgcc.a(_lshrdi3.o)
                              drivers/mtd/nand/built-in.o (__aeabi_llsr)
/opt/fsl-imx-x11/4.1.15-2.1.0/sysroots/cortexa7hf-neon-poky-linux-gnueabi/usr/lib/arm-poky-linux-gnueabi/5.3.0/libgcc.a(_ashrdi3.o)
                              drivers/mtd/nand/built-in.o (__aeabi_lasr)
/opt/fsl-imx-x11/4.1.15-2.1.0/sysroots/cortexa7hf-neon-poky-linux-gnueabi/usr/lib/arm-poky-linux-gnueabi/5.3.0/libgcc.a(_ashldi3.o)
                              drivers/mmc/built-in.o (__aeabi_llsl)
/opt/fsl-imx-x11/4.1.15-2.1.0/sysroots/cortexa7hf-neon-poky-linux-gnueabi/usr/lib/arm-poky-linux-gnueabi/5.3.0/libgcc.a(_dvmd_lnx.o)
                              /opt/fsl-imx-x11/4.1.15-2.1.0/sysroots/cortexa7hf-neon-poky-linux-gnueabi/usr/lib/arm-poky-linux-gnueabi/5.3.0/libgcc.a(_udivsi3.o) (__aeabi_idiv0)

Discarded input sections

 .data          0x0000000000000000        0x0 arch/arm/cpu/armv7/start.o
 .bss           0x0000000000000000        0x0 arch/arm/cpu/armv7/start.o
 .text.v7_arch_cp15_set_l2aux_ctrl
                0x0000000000000000        0x8 arch/arm/cpu/armv7/built-in.o
 .text.v7_arch_cp15_set_acr
                0x0000000000000000        0x8 arch/arm/cpu/armv7/built-in.o
 .text.sdelay   0x0000000000000000        0xc arch/arm/cpu/armv7/built-in.o
 .text.wait_on_value
                0x0000000000000000       0x34 arch/arm/cpu/armv7/built-in.o
 .text.get_nr_cpus
                0x0000000000000000       0x10 arch/arm/cpu/armv7/built-in.o
 .text.get_boot_device
                0x0000000000000000       0x9c arch/arm/cpu/armv7/built-in.o
 .text.enable_uart_clk
                0x0000000000000000       0x54 arch/arm/cpu/armv7/built-in.o
 .text.enable_usdhc_clk
                0x0000000000000000       0x4c arch/arm/cpu/armv7/built-in.o
 .text.enable_spi_clk
                0x0000000000000000       0x44 arch/arm/cpu/armv7/built-in.o
 .text.enable_lvds_bridge
                0x0000000000000000      0x1d8 arch/arm/cpu/armv7/built-in.o
 .text.enable_ipu_clock
                0x0000000000000000       0x90 arch/arm/cpu/armv7/built-in.o
 .data          0x0000000000000000        0x0 arch/arm/cpu/armv7/built-in.o
 .bss           0x0000000000000000        0x0 arch/arm/cpu/armv7/built-in.o
 .text          0x0000000000000000        0x0 arch/arm/imx-common/built-in.o
 .text.imx_iomux_set_gpr_register
                0x0000000000000000       0x40 arch/arm/imx-common/built-in.o
 .text.get_imx_reset_cause
                0x0000000000000000       0x10 arch/arm/imx-common/built-in.o
 .text.set_chipselect_size
                0x0000000000000000       0x84 arch/arm/imx-common/built-in.o
 .text.usec2ticks
                0x0000000000000000       0x60 arch/arm/imx-common/built-in.o
 .data          0x0000000000000000        0x0 arch/arm/imx-common/built-in.o
 .bss           0x0000000000000000        0x0 arch/arm/imx-common/built-in.o
 .text.reset_misc
                0x0000000000000000        0x4 arch/arm/lib/built-in.o
 .text.enable_caches
                0x0000000000000000        0xc arch/arm/lib/built-in.o
 .text.invalidate_dcache_range
                0x0000000000000000        0x4 arch/arm/lib/built-in.o
 .text.flush_dcache_range
                0x0000000000000000        0x4 arch/arm/lib/built-in.o
 .text.flush_dcache_all
                0x0000000000000000        0xc arch/arm/lib/built-in.o
 .text.arm_init_before_mmu
                0x0000000000000000        0x4 arch/arm/lib/built-in.o
 .text.mmu_page_table_flush
                0x0000000000000000        0x4 arch/arm/lib/built-in.o
 .data          0x0000000000000000        0x0 arch/arm/lib/built-in.o
 .__secure_start
                0x0000000000000000        0x0 arch/arm/lib/built-in.o
 .__secure_end  0x0000000000000000        0x0 arch/arm/lib/built-in.o
 .bss           0x0000000000000000        0x0 arch/arm/lib/built-in.o
 .text          0x0000000000000000        0x0 board/freescale/common/built-in.o
 .text.mmc_map_to_kernel_blk
                0x0000000000000000        0x4 board/freescale/common/built-in.o
 .text.board_late_mmc_env_init
                0x0000000000000000       0x9c board/freescale/common/built-in.o
 .rodata.str1.1
                0x0000000000000000       0x48 board/freescale/common/built-in.o
 .data          0x0000000000000000        0x0 board/freescale/common/built-in.o
 .bss           0x0000000000000000        0x0 board/freescale/common/built-in.o
[...]
Memory Configuration

Name             Origin             Length             Attributes
*default*        0x0000000000000000 0xffffffffffffffff

Linker script and memory map

Address of section .text set to 0x87800000
                0x0000000000000000                . = 0x0
                0x0000000000000000                . = ALIGN (0x4)

.text           0x0000000087800000    0x470d4
 *(.__image_copy_start)
 .__image_copy_start
                0x0000000087800000        0x0 arch/arm/lib/built-in.o
                0x0000000087800000                __image_copy_start
 *(.vectors)
 .vectors       0x0000000087800000      0x2e8 arch/arm/lib/built-in.o
                0x0000000087800000                _start
                0x0000000087800020                _undefined_instruction
                0x0000000087800024                _software_interrupt
                0x0000000087800028                _prefetch_abort
                0x000000008780002c                _data_abort
                0x0000000087800030                _not_used
                0x0000000087800034                _irq
                0x0000000087800038                _fiq
                0x0000000087800040                IRQ_STACK_START_IN
 arch/arm/cpu/armv7/start.o(.text*)
 .text          0x00000000878002e8       0xb0 arch/arm/cpu/armv7/start.o
                0x00000000878002e8                reset
                0x00000000878002ec                save_boot_params_ret
                0x0000000087800328                c_runtime_cpu_setup
                0x0000000087800338                save_boot_params
                0x000000008780033c                cpu_init_cp15
                0x0000000087800390                cpu_init_crit
 *(.text*)
 .text          0x0000000087800398       0x24 arch/arm/cpu/armv7/built-in.o
                0x0000000087800398                lowlevel_init
 .text.v7_maint_dcache_all
                0x00000000878003bc       0xd0 arch/arm/cpu/armv7/built-in.o
 .text.invalidate_icache_all
                0x000000008780048c       0x18 arch/arm/cpu/armv7/built-in.o
                0x000000008780048c                invalidate_icache_all
 .text.v7_outer_cache_enable
                0x00000000878004a4        0x4 arch/arm/cpu/armv7/built-in.o
                0x00000000878004a4                v7_outer_cache_enable
 .text.v7_outer_cache_disable
                0x00000000878004a8        0x4 arch/arm/cpu/armv7/built-in.o
                0x00000000878004a8                v7_outer_cache_disable
 .text.v7_outer_cache_flush_all
                0x00000000878004ac        0x4 arch/arm/cpu/armv7/built-in.o
                0x00000000878004ac                v7_outer_cache_flush_all
 .text.flush_dcache_all
                0x00000000878004b0       0x14 arch/arm/cpu/armv7/built-in.o
                0x00000000878004b0                flush_dcache_all
 .text.v7_outer_cache_inval_all
                0x00000000878004c4        0x4 arch/arm/cpu/armv7/built-in.o
                0x00000000878004c4                v7_outer_cache_inval_all
 .text.invalidate_dcache_all
                0x00000000878004c8       0x14 arch/arm/cpu/armv7/built-in.o
                0x00000000878004c8                invalidate_dcache_all
 .text.arm_init_before_mmu
                0x00000000878004dc       0x28 arch/arm/cpu/armv7/built-in.o
                0x00000000878004dc                arm_init_before_mmu
 .text.v7_outer_cache_flush_range
                0x0000000087800504        0x4 arch/arm/cpu/armv7/built-in.o
                0x0000000087800504                v7_outer_cache_flush_range
 .text.flush_dcache_range
                0x0000000087800508       0x38 arch/arm/cpu/armv7/built-in.o
                0x0000000087800508                flush_dcache_range
 .text.mmu_page_table_flush
                0x0000000087800540       0x24 arch/arm/cpu/armv7/built-in.o
                0x0000000087800540                mmu_page_table_flush
 .text.v7_outer_cache_inval_range
                0x0000000087800564        0x4 arch/arm/cpu/armv7/built-in.o
                0x0000000087800564                v7_outer_cache_inval_range
 .text.invalidate_dcache_range
                0x0000000087800568       0xa8 arch/arm/cpu/armv7/built-in.o
                0x0000000087800568                invalidate_dcache_range
 .text.cpu_cache_initialization
                0x0000000087800610        0x4 arch/arm/cpu/armv7/built-in.o
                0x0000000087800610                cpu_cache_initialization
 .text.cleanup_before_linux_select
                0x0000000087800614       0x4c arch/arm/cpu/armv7/built-in.o
                0x0000000087800614                cleanup_before_linux_select
 .text.cleanup_before_linux
                0x0000000087800660        0x8 arch/arm/cpu/armv7/built-in.o
                0x0000000087800660                cleanup_before_linux
 .text.get_cpu_rev
                0x0000000087800668       0x90 arch/arm/cpu/armv7/built-in.o
                0x0000000087800668                get_cpu_rev
 .text.get_cpu_speed_grade_hz
                0x00000000878006f8      0x12c arch/arm/cpu/armv7/built-in.o
                0x00000000878006f8                get_cpu_speed_grade_hz
 .text.get_cpu_temp_grade
                0x0000000087800824       0x68 arch/arm/cpu/armv7/built-in.o
                0x0000000087800824                get_cpu_temp_grade
 .text.get_board_rev
                0x000000008780088c       0x40 arch/arm/cpu/armv7/built-in.o
                0x000000008780088c                get_board_rev
 .text.arch_cpu_init
                0x00000000878008cc      0x36c arch/arm/cpu/armv7/built-in.o
                0x00000000878008cc                arch_cpu_init
 .text.board_postclk_init
                0x0000000087800c38       0x70 arch/arm/cpu/armv7/built-in.o
                0x0000000087800c38                board_postclk_init
 .text.imx_get_mac_from_fuse
                0x0000000087800ca8       0xb8 arch/arm/cpu/armv7/built-in.o
                0x0000000087800ca8                imx_get_mac_from_fuse
 .text.set_wdog_reset
                0x0000000087800d60       0x18 arch/arm/cpu/armv7/built-in.o
                0x0000000087800d60                set_wdog_reset
 .text.reset_misc
                0x0000000087800d78        0x4 arch/arm/cpu/armv7/built-in.o
                0x0000000087800d78                reset_misc
 .text.s_init   0x0000000087800d7c       0xa8 arch/arm/cpu/armv7/built-in.o
                0x0000000087800d7c                s_init
 .text.disable_lcdif_clock
                0x0000000087800e24      0x208 arch/arm/cpu/armv7/built-in.o
 .text.get_ipg_clk
                0x000000008780102c       0x28 arch/arm/cpu/armv7/built-in.o
 .text.enable_pll_video.constprop.0
                0x0000000087801054      0x100 arch/arm/cpu/armv7/built-in.o
 .text.get_uart_clk
                0x0000000087801154       0xd8 arch/arm/cpu/armv7/built-in.o
 .text.mxc_get_pll_pfd
                0x000000008780122c       0xd4 arch/arm/cpu/armv7/built-in.o
 .text.get_usdhc_clk
                0x0000000087801300       0xe8 arch/arm/cpu/armv7/built-in.o
 .text.enable_ocotp_clk
                0x00000000878013e8       0x24 arch/arm/cpu/armv7/built-in.o
                0x00000000878013e8                enable_ocotp_clk
 .text.setup_gpmi_io_clk
                0x000000008780140c       0x4c arch/arm/cpu/armv7/built-in.o
                0x000000008780140c                setup_gpmi_io_clk
 .text.enable_usboh3_clk
                0x0000000087801458       0x24 arch/arm/cpu/armv7/built-in.o
                0x0000000087801458                enable_usboh3_clk
 .text.enable_enet_clk
                0x000000008780147c       0x64 arch/arm/cpu/armv7/built-in.o
                0x000000008780147c                enable_enet_clk
 .text.enable_i2c_clk
                0x00000000878014e0       0xd8 arch/arm/cpu/armv7/built-in.o
                0x00000000878014e0                enable_i2c_clk
 .text.get_periph_clk
                0x00000000878015b8       0xdc arch/arm/cpu/armv7/built-in.o
                0x00000000878015b8                get_periph_clk
 .text.get_axi_clk
                0x0000000087801694       0x4c arch/arm/cpu/armv7/built-in.o
 .text.enable_lcdif_clock
                0x00000000878016e0      0x264 arch/arm/cpu/armv7/built-in.o
                0x00000000878016e0                enable_lcdif_clock
 .text.mxs_set_lcdclk
                0x0000000087801944      0x394 arch/arm/cpu/armv7/built-in.o
                0x0000000087801944                mxs_set_lcdclk
 .text.enable_fec_anatop_clock
                0x0000000087801cd8       0xf4 arch/arm/cpu/armv7/built-in.o
                0x0000000087801cd8                enable_fec_anatop_clock
 .text.imx_get_uartclk
                0x0000000087801dcc        0x4 arch/arm/cpu/armv7/built-in.o
                0x0000000087801dcc                imx_get_uartclk
 .text.enable_thermal_clk
                0x0000000087801dd0       0x48 arch/arm/cpu/armv7/built-in.o
                0x0000000087801dd0                enable_thermal_clk
 .text.mxc_get_clock
                0x0000000087801e18      0x4bc arch/arm/cpu/armv7/built-in.o
                0x0000000087801e18                mxc_get_clock
 .text.imx_get_fecclk
                0x00000000878022d4        0x8 arch/arm/cpu/armv7/built-in.o
                0x00000000878022d4                imx_get_fecclk
 .text.do_mx6_showclocks
                0x00000000878022dc      0x230 arch/arm/cpu/armv7/built-in.o
                0x00000000878022dc                do_mx6_showclocks
 .text.imx_iomux_v3_setup_pad
                0x000000008780250c      0x17c arch/arm/imx-common/built-in.o
                0x000000008780250c                imx_iomux_v3_setup_pad
 .text.imx_iomux_v3_setup_multiple_pads
                0x0000000087802688       0x2c arch/arm/imx-common/built-in.o
                0x0000000087802688                imx_iomux_v3_setup_multiple_pads
 .text.imx_ddr_size
                0x00000000878026b4       0x64 arch/arm/imx-common/built-in.o
                0x00000000878026b4                imx_ddr_size
 .text.get_imx_type
                0x0000000087802718       0x20 arch/arm/imx-common/built-in.o
                0x0000000087802718                get_imx_type
 .text.print_cpuinfo
                0x0000000087802738      0x228 arch/arm/imx-common/built-in.o
                0x0000000087802738                print_cpuinfo
 .text.cpu_eth_init
                0x0000000087802960        0x4 arch/arm/imx-common/built-in.o
                0x0000000087802960                cpu_eth_init
 .text.cpu_mmc_init
                0x0000000087802964        0x4 arch/arm/imx-common/built-in.o
                0x0000000087802964                cpu_mmc_init
 .text.get_ahb_clk
                0x0000000087802968       0x24 arch/arm/imx-common/built-in.o
                0x0000000087802968                get_ahb_clk
 .text.arch_preboot_os
                0x000000008780298c        0x4 arch/arm/imx-common/built-in.o
                0x000000008780298c                arch_preboot_os
 .text.get_clocks
                0x0000000087802990       0x1c arch/arm/imx-common/built-in.o
                0x0000000087802990                get_clocks
 .text.force_idle_bus
                0x00000000878029ac      0x1c4 arch/arm/imx-common/built-in.o
                0x00000000878029ac                force_idle_bus
 .text.setup_i2c
                0x0000000087802b70       0xe4 arch/arm/imx-common/built-in.o
                0x0000000087802b70                setup_i2c
 .text.mxs_wait_mask_set
                0x0000000087802c54       0x3c arch/arm/imx-common/built-in.o
                0x0000000087802c54                mxs_wait_mask_set
 .text.mxs_wait_mask_clr
                0x0000000087802c90       0x3c arch/arm/imx-common/built-in.o
                0x0000000087802c90                mxs_wait_mask_clr
 .text.mxs_reset_block
                0x0000000087802ccc       0x90 arch/arm/imx-common/built-in.o
                0x0000000087802ccc                mxs_reset_block
 .text.enable_caches
                0x0000000087802d5c       0x34 arch/arm/imx-common/built-in.o
                0x0000000087802d5c                enable_caches
 .text.init_aips
                0x0000000087802d90       0xc0 arch/arm/imx-common/built-in.o
                0x0000000087802d90                init_aips
 .text.imx_set_wdog_powerdown
                0x0000000087802e50       0xa0 arch/arm/imx-common/built-in.o
                0x0000000087802e50                imx_set_wdog_powerdown
 .text.init_src
                0x0000000087802ef0       0x18 arch/arm/imx-common/built-in.o
                0x0000000087802ef0                init_src
 .text.boot_mode_apply
                0x0000000087802f08       0x24 arch/arm/imx-common/built-in.o
                0x0000000087802f08                boot_mode_apply
 .text.board_video_skip
                0x0000000087802f2c      0x1a4 arch/arm/imx-common/built-in.o
                0x0000000087802f2c                board_video_skip
 .text.timer_init
                0x00000000878030d0       0x3c arch/arm/imx-common/built-in.o
                0x00000000878030d0                timer_init
 .text.get_ticks
                0x000000008780310c       0x18 arch/arm/imx-common/built-in.o
                0x000000008780310c                get_ticks
 .text.get_timer_masked
                0x0000000087803124       0x58 arch/arm/imx-common/built-in.o
                0x0000000087803124                get_timer_masked
 .text.get_timer
                0x000000008780317c       0x14 arch/arm/imx-common/built-in.o
                0x000000008780317c                get_timer
 .text.__udelay
                0x0000000087803190       0x88 arch/arm/imx-common/built-in.o
                0x0000000087803190                __udelay
 .text.get_tbclk
                0x0000000087803218        0x8 arch/arm/imx-common/built-in.o
                0x0000000087803218                get_tbclk
 .text.create_usage
                0x0000000087803220       0xac arch/arm/imx-common/built-in.o
 .text.do_boot_mode
                0x00000000878032cc       0xd4 arch/arm/imx-common/built-in.o
 .text.add_board_boot_modes
                0x00000000878033a0       0x60 arch/arm/imx-common/built-in.o
                0x00000000878033a0                add_board_boot_modes
 .text          0x0000000087803400       0x90 arch/arm/lib/built-in.o
                0x0000000087803400                _main
 .text.relocate_vectors
                0x0000000087803490       0x70 arch/arm/lib/built-in.o
                0x0000000087803490                relocate_vectors
                0x000000008780349c                relocate_code
 .text.arch_fixup_fdt
                0x0000000087803500       0x38 arch/arm/lib/built-in.o
                0x0000000087803500                arch_fixup_fdt
 .text.boot_jump_linux
                0x0000000087803538       0xc4 arch/arm/lib/built-in.o
 .text.arch_lmb_reserve
                0x00000000878035fc       0x24 arch/arm/lib/built-in.o
                0x00000000878035fc                arch_lmb_reserve
 .text.setup_board_tags
                0x0000000087803620        0x4 arch/arm/lib/built-in.o
                0x0000000087803620                setup_board_tags
 .text.boot_prep_linux
                0x0000000087803624      0x1d4 arch/arm/lib/built-in.o
 .text.do_bootm_linux
                0x00000000878037f8       0x64 arch/arm/lib/built-in.o
                0x00000000878037f8                do_bootm_linux
 .text.bootz_setup
                0x000000008780385c       0x58 arch/arm/lib/built-in.o
                0x000000008780385c                bootz_setup
 .text.boot_prep_vxworks
                0x00000000878038b4       0x50 arch/arm/lib/built-in.o
                0x00000000878038b4                boot_prep_vxworks
 .text.boot_jump_vxworks
                0x0000000087803904        0xc arch/arm/lib/built-in.o
                0x0000000087803904                boot_jump_vxworks
 .text.arch_reserve_stacks
                0x0000000087803910       0x1c arch/arm/lib/built-in.o
                0x0000000087803910                arch_reserve_stacks
 .text.interrupt_init
                0x000000008780392c       0x1c arch/arm/lib/built-in.o
                0x000000008780392c                interrupt_init
 .text.enable_interrupts
                0x0000000087803948        0x4 arch/arm/lib/built-in.o
                0x0000000087803948                enable_interrupts
 .text.disable_interrupts
                0x000000008780394c        0x8 arch/arm/lib/built-in.o
                0x000000008780394c                disable_interrupts
 .text.bad_mode
                0x0000000087803954       0x10 arch/arm/lib/built-in.o
                0x0000000087803954                bad_mode
 .text.show_regs
                0x0000000087803964      0x174 arch/arm/lib/built-in.o
                0x0000000087803964                show_regs
 .text.do_undefined_instruction
                0x0000000087803ad8       0x20 arch/arm/lib/built-in.o
                0x0000000087803ad8                do_undefined_instruction
 .text.do_software_interrupt
                0x0000000087803af8       0x20 arch/arm/lib/built-in.o
                0x0000000087803af8                do_software_interrupt
 .text.do_prefetch_abort
                0x0000000087803b18       0x20 arch/arm/lib/built-in.o
                0x0000000087803b18                do_prefetch_abort
 .text.do_data_abort
                0x0000000087803b38       0x20 arch/arm/lib/built-in.o
                0x0000000087803b38                do_data_abort
 .text.do_not_used
                0x0000000087803b58       0x20 arch/arm/lib/built-in.o
                0x0000000087803b58                do_not_used
 .text.do_fiq   0x0000000087803b78       0x20 arch/arm/lib/built-in.o
                0x0000000087803b78                do_fiq
 .text.do_irq   0x0000000087803b98       0x20 arch/arm/lib/built-in.o
                0x0000000087803b98                do_irq
 .text.do_reset
                0x0000000087803bb8       0x30 arch/arm/lib/built-in.o
                0x0000000087803bb8                do_reset
 .text.flush_cache
                0x0000000087803be8        0x8 arch/arm/lib/built-in.o
                0x0000000087803be8                flush_cache
 .text.cp_delay
                0x0000000087803bf0       0x30 arch/arm/lib/built-in.o
 .text.arm_init_domains
                0x0000000087803c20        0x4 arch/arm/lib/built-in.o
                0x0000000087803c20                arm_init_domains
 .text.set_section_dcache
                0x0000000087803c24       0x14 arch/arm/lib/built-in.o
                0x0000000087803c24                set_section_dcache
 .text.mmu_set_region_dcache_behaviour
                0x0000000087803c38       0x4c arch/arm/lib/built-in.o
                0x0000000087803c38                mmu_set_region_dcache_behaviour
 .text.dram_bank_mmu_setup
                0x0000000087803c84       0x44 arch/arm/lib/built-in.o
                0x0000000087803c84                dram_bank_mmu_setup
 .text.icache_enable
                0x0000000087803cc8       0x18 arch/arm/lib/built-in.o
                0x0000000087803cc8                icache_enable
 .text.icache_disable
                0x0000000087803ce0       0x20 arch/arm/lib/built-in.o
                0x0000000087803ce0                icache_disable
 .text.icache_status
                0x0000000087803d00        0xc arch/arm/lib/built-in.o
                0x0000000087803d00                icache_status
 .text.dcache_enable
                0x0000000087803d0c       0x7c arch/arm/lib/built-in.o
                0x0000000087803d0c                dcache_enable
 .text.dcache_disable
                0x0000000087803d88       0x2c arch/arm/lib/built-in.o
                0x0000000087803d88                dcache_disable
 .text.dcache_status
                0x0000000087803db4        0xc arch/arm/lib/built-in.o
                0x0000000087803db4                dcache_status
 .text.do_enable_parallel_lcd
                0x0000000087803dc0       0x2c board/freescale/mx6ullevk/built-in.o
                0x0000000087803dc0                do_enable_parallel_lcd
 .text.power_init_board
                0x0000000087803dec        0x8 board/freescale/mx6ullevk/built-in.o
                0x0000000087803dec                power_init_board
 .text.dram_init
                0x0000000087803df4       0x18 board/freescale/mx6ullevk/built-in.o
                0x0000000087803df4                dram_init
 .text.board_mmc_getcd
                0x0000000087803e0c       0x80 board/freescale/mx6ullevk/built-in.o
                0x0000000087803e0c                board_mmc_getcd
 .text.board_mmc_init
                0x0000000087803e8c       0x5c board/freescale/mx6ullevk/built-in.o
                0x0000000087803e8c                board_mmc_init
 .text.board_usb_phy_mode
                0x0000000087803ee8       0x14 board/freescale/mx6ullevk/built-in.o
                0x0000000087803ee8                board_usb_phy_mode
 .text.board_ehci_hcd_init
                0x0000000087803efc       0x28 board/freescale/mx6ullevk/built-in.o
                0x0000000087803efc                board_ehci_hcd_init
 .text.board_eth_init
                0x0000000087803f24       0x60 board/freescale/mx6ullevk/built-in.o
                0x0000000087803f24                board_eth_init
 .text.board_phy_config
                0x0000000087803f84       0x4c board/freescale/mx6ullevk/built-in.o
                0x0000000087803f84                board_phy_config
 .text.board_early_init_f
                0x0000000087803fd0       0x1c board/freescale/mx6ullevk/built-in.o
                0x0000000087803fd0                board_early_init_f
 .text.select_display_dev
                0x0000000087803fec      0x170 board/freescale/mx6ullevk/built-in.o
                0x0000000087803fec                select_display_dev
 .text.imx6_light_up_led1
                0x000000008780415c       0x18 board/freescale/mx6ullevk/built-in.o
                0x000000008780415c                imx6_light_up_led1
 .text.imx6_light_up_led2
                0x0000000087804174       0x18 board/freescale/mx6ullevk/built-in.o
                0x0000000087804174                imx6_light_up_led2
 .text.board_init
                0x000000008780418c      0x1bc board/freescale/mx6ullevk/built-in.o
                0x000000008780418c                board_init
 .text.board_late_init
                0x0000000087804348       0x4c board/freescale/mx6ullevk/built-in.o
                0x0000000087804348                board_late_init
 .text.checkboard
                0x0000000087804394       0x18 board/freescale/mx6ullevk/built-in.o
                0x0000000087804394                checkboard
 .text.do_go_exec
                0x00000000878043ac       0x10 cmd/built-in.o
                0x00000000878043ac                do_go_exec
 .text.do_go    0x00000000878043bc       0x6c cmd/built-in.o
 .text.do_bootm
                0x0000000087804428      0x10c cmd/built-in.o
                0x0000000087804428                do_bootm
 .text.do_bootd
                0x0000000087804534       0x20 cmd/built-in.o
                0x0000000087804534                do_bootd
 .text.image_info
                0x0000000087804554       0xcc cmd/built-in.o
 .text.do_iminfo
                0x0000000087804620       0x5c cmd/built-in.o
 .text.bootm_maybe_autostart
                0x000000008780467c       0x78 cmd/built-in.o
                0x000000008780467c                bootm_maybe_autostart
 .text.do_bootz
                0x00000000878046f4       0xf8 cmd/built-in.o
                0x00000000878046f4                do_bootz
 .text.do_help  0x00000000878047ec       0x44 cmd/built-in.o
 .text.do_version
                0x0000000087804830       0x38 cmd/built-in.o
 .text.source   0x0000000087804868       0xd8 cmd/built-in.o
                0x0000000087804868                source
 .text.do_source
                0x0000000087804940       0x48 cmd/built-in.o
 .text.print_num
                0x0000000087804988       0x14 cmd/built-in.o
 .text.do_bdinfo
                0x000000008780499c      0x190 cmd/built-in.o
 .text.do_bmp   0x0000000087804b2c       0x58 cmd/built-in.o
 .text.do_bmp_info
                0x0000000087804b84      0x10c cmd/built-in.o
 .text.bmp_display
                0x0000000087804c90       0x50 cmd/built-in.o
                0x0000000087804c90                bmp_display
 .text.do_bmp_display
                0x0000000087804ce0       0xbc cmd/built-in.o
 .text.parse_argv
                0x0000000087804d9c       0x64 cmd/built-in.o
 .text.do_icache
                0x0000000087804e00       0x88 cmd/built-in.o
 .text.do_dcache
                0x0000000087804e88       0x88 cmd/built-in.o
 .text.do_coninfo
                0x0000000087804f10       0xb0 cmd/built-in.o
 .text.do_echo  0x0000000087804fc0       0xb0 cmd/built-in.o
 .text.load_elf_image_shdr
                0x0000000087805070       0x8c cmd/built-in.o
 .text.valid_elf_image
                0x00000000878050fc       0x4c cmd/built-in.o
                0x00000000878050fc                valid_elf_image
 .text.do_bootelf
                0x0000000087805148      0x1b0 cmd/built-in.o
                0x0000000087805148                do_bootelf
 .text.do_bootvx
                0x00000000878052f8      0x330 cmd/built-in.o
                0x00000000878052f8                do_bootvx
 .text.do_exit  0x0000000087805628       0x3c cmd/built-in.o
 .text.do_ext4_size
                0x0000000087805664       0x18 cmd/built-in.o
                0x0000000087805664                do_ext4_size
 .text.do_ext4_load
                0x000000008780567c       0x18 cmd/built-in.o
                0x000000008780567c                do_ext4_load
 .text.do_ext4_ls
                0x0000000087805694       0x18 cmd/built-in.o
                0x0000000087805694                do_ext4_ls
 .text.do_ext4_write
                0x00000000878056ac       0x18 cmd/built-in.o
                0x00000000878056ac                do_ext4_write
 .text.do_ext2load
                0x00000000878056c4       0x18 cmd/built-in.o
                0x00000000878056c4                do_ext2load
 .text.do_ext2ls
                0x00000000878056dc       0x18 cmd/built-in.o
 .text.do_fat_size
                0x00000000878056f4       0x18 cmd/built-in.o
                0x00000000878056f4                do_fat_size
 .text.do_fat_fsload
                0x000000008780570c       0x18 cmd/built-in.o
                0x000000008780570c                do_fat_fsload
 .text.do_fat_ls
                0x0000000087805724       0x18 cmd/built-in.o
 .text.do_fat_fsinfo
                0x000000008780573c       0x90 cmd/built-in.o
 .text.do_fat_fswrite
                0x00000000878057cc      0x10c cmd/built-in.o
 .text.fdt_valid
                0x00000000878058d8       0xbc cmd/built-in.o
 .text.is_printable_string
                0x0000000087805994       0x9c cmd/built-in.o
 .text.print_data
                0x0000000087805a30      0x174 cmd/built-in.o
 .text.set_working_fdt_addr
                0x0000000087805ba4       0x1c cmd/built-in.o
                0x0000000087805ba4                set_working_fdt_addr
 .text.do_fdt   0x0000000087805bc0      0xe5c cmd/built-in.o
 .text.do_flerase
                0x0000000087806a1c        0x8 cmd/built-in.o
 .text.do_protect
                0x0000000087806a24       0x10 cmd/built-in.o
 .text.do_flinfo
                0x0000000087806a34        0x8 cmd/built-in.o
 .text.do_size_wrapper
                0x0000000087806a3c       0x18 cmd/built-in.o
 .text.do_load_wrapper
                0x0000000087806a54       0x18 cmd/built-in.o
 .text.do_save_wrapper
                0x0000000087806a6c       0x18 cmd/built-in.o
 .text.do_ls_wrapper
                0x0000000087806a84       0x18 cmd/built-in.o
 .text.do_fstype_wrapper
                0x0000000087806a9c        0x4 cmd/built-in.o
 .text.strtou32
                0x0000000087806aa0       0x44 cmd/built-in.o
 .text.do_fuse  0x0000000087806ae4      0x358 cmd/built-in.o
 .text.name_to_gpio
                0x0000000087806e3c        0xc cmd/built-in.o
                0x0000000087806e3c                name_to_gpio
 .text.do_gpio  0x0000000087806e48      0x154 cmd/built-in.o
 .text.do_i2c   0x0000000087806f9c       0x68 cmd/built-in.o
 .text.do_i2c_bus_speed
                0x0000000087807004       0x78 cmd/built-in.o
 .text.do_i2c_reset
                0x000000008780707c       0x2c cmd/built-in.o
 .text.do_i2c_probe
                0x00000000878070a8       0x9c cmd/built-in.o
 .text.do_i2c_bus_num
                0x0000000087807144       0xb8 cmd/built-in.o
 .text.do_i2c_show_bus
                0x00000000878071fc       0xd0 cmd/built-in.o
 .text.get_alen.constprop.5
                0x00000000878072cc       0x3c cmd/built-in.o
 .text.do_i2c_crc
                0x0000000087807308      0x120 cmd/built-in.o
 .text.mod_i2c_mem.isra.3
                0x0000000087807428      0x1f0 cmd/built-in.o
 .text.do_i2c_nm
                0x0000000087807618        0x8 cmd/built-in.o
 .text.do_i2c_mm
                0x0000000087807620        0x8 cmd/built-in.o
 .text.do_i2c_md
                0x0000000087807628      0x1e4 cmd/built-in.o
 .text.do_i2c_read
                0x000000008780780c       0xbc cmd/built-in.o
 .text.do_i2c_mw
                0x00000000878078c8       0xfc cmd/built-in.o
 .text.do_i2c_write
                0x00000000878079c4      0x14c cmd/built-in.o
 .text.do_i2c_loop
                0x0000000087807b10       0xe4 cmd/built-in.o
 .text.i2c_init_board
                0x0000000087807bf4        0x4 cmd/built-in.o
                0x0000000087807bf4                i2c_init_board
 .text.evalexp  0x0000000087807bf8       0x78 cmd/built-in.o
 .text.evalstr  0x0000000087807c70       0x6c cmd/built-in.o
 .text.binary_test
                0x0000000087807cdc      0x1c0 cmd/built-in.o
 .text.do_itest
                0x0000000087807e9c       0x88 cmd/built-in.o
 .text.bin_data_init
                0x0000000087807f24       0x2c cmd/built-in.o
 .text.k_data_save
                0x0000000087807f50       0x4c cmd/built-in.o
 .text.k_data_restore
                0x0000000087807f9c       0x4c cmd/built-in.o
 .text.getcxmodem
                0x0000000087807fe8       0x20 cmd/built-in.o
 .text.load_serial_ymodem
                0x0000000087808008       0xcc cmd/built-in.o
 .text.bin_data_char
                0x00000000878080d4       0x2c cmd/built-in.o
 .text.chk1.constprop.1
                0x0000000087808100       0x2c cmd/built-in.o
 .text.s1_sendpacket.constprop.2
                0x000000008780812c       0x50 cmd/built-in.o
 .text.load_serial
                0x000000008780817c      0x1f0 cmd/built-in.o
 .text.do_load_serial
                0x000000008780836c       0xdc cmd/built-in.o
 .text.do_load_serial_bin
                0x0000000087808448      0x7a8 cmd/built-in.o
 .text.do_mem_mw
                0x0000000087808bf0       0xc0 cmd/built-in.o
 .text.do_mem_loop
                0x0000000087808cb0       0xec cmd/built-in.o
 .text.do_mem_md
                0x0000000087808d9c       0xe4 cmd/built-in.o
 .text.do_mem_cmp
                0x0000000087808e80      0x168 cmd/built-in.o
 .text.do_mem_base
                0x0000000087808fe8       0x40 cmd/built-in.o
 .text.do_mem_cp
                0x0000000087809028       0xd8 cmd/built-in.o
 .text.do_mem_crc
                0x0000000087809100       0x48 cmd/built-in.o
 .text.do_mem_mtest
                0x0000000087809148      0x224 cmd/built-in.o
 .text.mod_mem.isra.0
                0x000000008780936c      0x16c cmd/built-in.o
 .text.do_mem_mm
                0x00000000878094d8        0x8 cmd/built-in.o
 .text.do_mem_nm
                0x00000000878094e0        0x8 cmd/built-in.o
 .text.extract_range
                0x00000000878094e8       0xe4 cmd/built-in.o
 .text.do_mii   0x00000000878095cc      0x8f0 cmd/built-in.o
 .text.do_mdio  0x0000000087809ebc      0x4ec cmd/built-in.o
 .text.do_sleep
                0x000000008780a3a8       0x70 cmd/built-in.o
 .text.do_mmcops
                0x000000008780a418       0xb8 cmd/built-in.o
 .text.init_mmc_device
                0x000000008780a4d0       0x54 cmd/built-in.o
 .text.do_mmc_rescan
                0x000000008780a524       0x24 cmd/built-in.o
 .text.do_mmc_rst_func
                0x000000008780a548       0xa0 cmd/built-in.o
 .text.do_mmc_partconf
                0x000000008780a5e8       0xb4 cmd/built-in.o
 .text.do_mmc_boot_resize
                0x000000008780a69c       0xcc cmd/built-in.o
 .text.do_mmc_bootbus
                0x000000008780a768       0xb4 cmd/built-in.o
 .text.do_mmc_hwpartition
                0x000000008780a81c      0x510 cmd/built-in.o
 .text.do_mmc_list
                0x000000008780ad2c       0x14 cmd/built-in.o
 .text.do_mmc_dev
                0x000000008780ad40      0x134 cmd/built-in.o
 .text.do_mmc_part
                0x000000008780ae74       0x5c cmd/built-in.o
 .text.do_mmc_erase
                0x000000008780aed0       0xe8 cmd/built-in.o
 .text.do_mmc_write
                0x000000008780afb8      0x100 cmd/built-in.o
 .text.do_mmc_read
                0x000000008780b0b8       0xec cmd/built-in.o
 .text.do_mmcinfo
                0x000000008780b1a4      0x370 cmd/built-in.o
 .text.do_mmc_setdsr
                0x000000008780b514       0xb0 cmd/built-in.o
 .text.set_dev  0x000000008780b5c4       0x70 cmd/built-in.o
 .text.nand_print_and_set_info
                0x000000008780b634       0xf8 cmd/built-in.o
 .text.do_nand  0x000000008780b72c      0xd40 cmd/built-in.o
                0x000000008780b72c                do_nand
 .text.do_nandboot
                0x000000008780c46c      0x2f8 cmd/built-in.o
 .text.netboot_common
                0x000000008780c764      0x294 cmd/built-in.o
 .text.do_bootp
                0x000000008780c9f8        0xc cmd/built-in.o
 .text.do_dhcp  0x000000008780ca04        0xc cmd/built-in.o
 .text.do_nfs   0x000000008780ca10        0xc cmd/built-in.o
 .text.do_tftpb
                0x000000008780ca1c       0x40 cmd/built-in.o
                0x000000008780ca1c                do_tftpb
 .text.do_ping  0x000000008780ca5c       0x78 cmd/built-in.o
 .text.substitute
                0x000000008780cad4       0xf0 cmd/built-in.o
 .text.get_arg  0x000000008780cbc4       0x58 cmd/built-in.o
 .text.regex_sub
                0x000000008780cc1c      0x450 cmd/built-in.o
 .text.do_setexpr
                0x000000008780d06c      0x1a0 cmd/built-in.o
 .text.do_false
                0x000000008780d20c        0x8 cmd/built-in.o
 .text.do_true  0x000000008780d214        0x8 cmd/built-in.o
 .text.do_test  0x000000008780d21c      0x338 cmd/built-in.o
 .text.usb_get_class_desc
                0x000000008780d554       0xbc cmd/built-in.o
 .text.usb_find_device
                0x000000008780d610       0x3c cmd/built-in.o
 .text.usb_show_tree_graph
                0x000000008780d64c      0x228 cmd/built-in.o
 .text.usb_display_class_sub
                0x000000008780d874      0x170 cmd/built-in.o
 .text.usb_display_string
                0x000000008780d9e4       0x44 cmd/built-in.o
 .text.usb_display_config
                0x000000008780da28      0x20c cmd/built-in.o
 .text.do_usbboot
                0x000000008780dc34        0xc cmd/built-in.o
 .text.usb_display_desc.part.1
                0x000000008780dc40      0x12c cmd/built-in.o
 .text.do_usb_start
                0x000000008780dd6c       0x38 cmd/built-in.o
 .text.usb_show_tree
                0x000000008780dda4       0x54 cmd/built-in.o
                0x000000008780dda4                usb_show_tree
 .text.do_usb   0x000000008780ddf8      0x750 cmd/built-in.o
 .text.do_imgextract
                0x000000008780e548      0x290 cmd/built-in.o
 .text.do_env_delete
                0x000000008780e7d8       0x9c cmd/built-in.o
 .text.do_env_exists
                0x000000008780e874       0x64 cmd/built-in.o
 .text.do_env_save
                0x000000008780e8d8       0x2c cmd/built-in.o
 .text.do_env   0x000000008780e904       0x68 cmd/built-in.o
 .text.env_print
                0x000000008780e96c       0xc0 cmd/built-in.o
 .text.do_env_print
                0x000000008780ea2c       0xc4 cmd/built-in.o
 .text.do_env_import
                0x000000008780eaf0      0x284 cmd/built-in.o
 .text.do_env_default
                0x000000008780ed74       0xa8 cmd/built-in.o
 .text._do_env_set.isra.0
                0x000000008780ee1c      0x1bc cmd/built-in.o
 .text.do_env_set
                0x000000008780efd8       0x20 cmd/built-in.o
 .text.get_env_id
                0x000000008780eff8       0x10 cmd/built-in.o
                0x000000008780eff8                get_env_id
 .text.setenv   0x000000008780f008       0x60 cmd/built-in.o
                0x000000008780f008                setenv
 .text.setenv_ulong
                0x000000008780f068       0x20 cmd/built-in.o
                0x000000008780f068                setenv_ulong
 .text.setenv_hex
                0x000000008780f088       0x34 cmd/built-in.o
                0x000000008780f088                setenv_hex
 .text.do_env_export
                0x000000008780f0bc      0x258 cmd/built-in.o
 .text.envmatch
                0x000000008780f314       0x6c cmd/built-in.o
                0x000000008780f314                envmatch
 .text.getenv_f
                0x000000008780f380       0xc0 cmd/built-in.o
                0x000000008780f380                getenv_f
 .text.getenv   0x000000008780f440       0x78 cmd/built-in.o
                0x000000008780f440                getenv
 .text.getenv_hex
                0x000000008780f4b8       0x3c cmd/built-in.o
                0x000000008780f4b8                getenv_hex
 .text.getenv_ulong
                0x000000008780f4f4       0x30 cmd/built-in.o
                0x000000008780f4f4                getenv_ulong
 .text.do_env_edit.part.2
                0x000000008780f524       0xa4 cmd/built-in.o
 .text.do_env_edit
                0x000000008780f5c8       0x2c cmd/built-in.o
 .text.common_diskboot
                0x000000008780f5f4      0x238 cmd/built-in.o
                0x000000008780f5f4                common_diskboot
 .text.board_init_f_alloc_reserve
                0x000000008780f82c       0x10 common/built-in.o
                0x000000008780f82c                board_init_f_alloc_reserve
 .text.board_init_f_init_reserve
                0x000000008780f83c       0x20 common/built-in.o
                0x000000008780f83c                board_init_f_init_reserve
 .text.show_boot_progress
                0x000000008780f85c        0x4 common/built-in.o
                0x000000008780f85c                show_boot_progress
 .text.main_loop
                0x000000008780f860       0x20 common/built-in.o
                0x000000008780f860                main_loop
 .text.dummy    0x000000008780f880        0x4 common/built-in.o
 .text.get_version
                0x000000008780f884        0x8 common/built-in.o
                0x000000008780f884                get_version
 .text.jumptable_init
                0x000000008780f88c      0x1e0 common/built-in.o
                0x000000008780f88c                jumptable_init
 .text.hash_command
                0x000000008780fa6c       0xb4 common/built-in.o
                0x000000008780fa6c                hash_command
 .text.b_reset  0x000000008780fb20       0x1c common/built-in.o
 .text.static_get
                0x000000008780fb3c       0x1c common/built-in.o
 .text.file_peek
                0x000000008780fb58        0xc common/built-in.o
 .text.mapset   0x000000008780fb64       0x20 common/built-in.o
 .text.syntax_err
                0x000000008780fb84        0xc common/built-in.o
 .text.free_pipe_list
                0x000000008780fb90       0xf4 common/built-in.o
 .text.xmalloc  0x000000008780fc84       0x20 common/built-in.o
 .text.new_pipe
                0x000000008780fca4       0x28 common/built-in.o
 .text.xrealloc
                0x000000008780fccc       0x20 common/built-in.o
 .text.done_command
                0x000000008780fcec       0x88 common/built-in.o
 .text.done_pipe
                0x000000008780fd74       0x48 common/built-in.o
 .text.done_word
                0x000000008780fdbc      0x2e4 common/built-in.o
 .text.do_showvar
                0x00000000878100a0       0xf4 common/built-in.o
 .text.is_assignment
                0x0000000087810194       0x5c common/built-in.o
 .text.file_get
                0x00000000878101f0      0x1f0 common/built-in.o
 .text.b_addchr
                0x00000000878103e0       0x80 common/built-in.o
 .text.b_addqchr
                0x0000000087810460       0x50 common/built-in.o
 .text.static_peek
                0x00000000878104b0        0xc common/built-in.o
 .text.get_local_var
                0x00000000878104bc       0xa0 common/built-in.o
                0x00000000878104bc                get_local_var
 .text.set_local_var
                0x000000008781055c      0x1bc common/built-in.o
                0x000000008781055c                set_local_var
 .text.insert_var_value_sub
                0x0000000087810718      0x2c0 common/built-in.o
 .text.parse_string_outer
                0x00000000878109d8       0xe4 common/built-in.o
                0x00000000878109d8                parse_string_outer
 .text.run_list_real
                0x0000000087810abc      0x7b8 common/built-in.o
 .text.parse_stream_outer
                0x0000000087811274      0x6d0 common/built-in.o
 .text.parse_file_outer
                0x0000000087811944       0x44 common/built-in.o
                0x0000000087811944                parse_file_outer
 .text.u_boot_hush_start
                0x0000000087811988       0x54 common/built-in.o
                0x0000000087811988                u_boot_hush_start
 .text.bootdelay_process
                0x00000000878119dc       0xd0 common/built-in.o
                0x00000000878119dc                bootdelay_process
 .text.autoboot_command
                0x0000000087811aac       0xd0 common/built-in.o
                0x0000000087811aac                autoboot_command
 .text.setup_mon_len
                0x0000000087811b7c       0x20 common/built-in.o
 .text.reserve_round_4k
                0x0000000087811b9c       0x18 common/built-in.o
 .text.reserve_mmu
                0x0000000087811bb4       0x38 common/built-in.o
 .text.reserve_uboot
                0x0000000087811bec       0x30 common/built-in.o
 .text.reserve_malloc
                0x0000000087811c1c       0x18 common/built-in.o
 .text.reserve_global_data
                0x0000000087811c34       0x1c common/built-in.o
 .text.reserve_fdt
                0x0000000087811c50       0x4c common/built-in.o
 .text.initf_console_record
                0x0000000087811c9c        0x8 common/built-in.o
 .text.arch_cpu_init_dm
                0x0000000087811ca4        0x8 common/built-in.o
                0x0000000087811ca4                arch_cpu_init_dm
 .text.announce_dram_init
                0x0000000087811cac       0x18 common/built-in.o
 .text.init_func_i2c
                0x0000000087811cc4       0x28 common/built-in.o
 .text.init_baud_rate
                0x0000000087811cec       0x2c common/built-in.o
 .text.mark_bootstage
                0x0000000087811d18       0x14 common/built-in.o
 .text.initf_dm
                0x0000000087811d2c        0x8 common/built-in.o
 .text.setup_reloc
                0x0000000087811d34       0x40 common/built-in.o
 .text.reloc_fdt
                0x0000000087811d74       0x44 common/built-in.o
 .text.reserve_board
                0x0000000087811db8       0x40 common/built-in.o
 .text.reserve_arch
                0x0000000087811df8        0x8 common/built-in.o
                0x0000000087811df8                reserve_arch
 .text.display_text_info
                0x0000000087811e00        0x8 common/built-in.o
 .text.reserve_trace
                0x0000000087811e08        0x8 common/built-in.o
 .text.setup_machine
                0x0000000087811e10        0x8 common/built-in.o
 .text.display_new_sp
                0x0000000087811e18        0x8 common/built-in.o
 .text.coloured_LED_init
                0x0000000087811e20        0x4 common/built-in.o
                0x0000000087811e20                coloured_LED_init
 .text.red_led_on
                0x0000000087811e24        0x4 common/built-in.o
                0x0000000087811e24                red_led_on
 .text.board_add_ram_info
                0x0000000087811e28        0x4 common/built-in.o
                0x0000000087811e28                board_add_ram_info
 .text.show_dram_config
                0x0000000087811e2c       0x38 common/built-in.o
 .text.dram_init_banksize
                0x0000000087811e64       0x20 common/built-in.o
                0x0000000087811e64                dram_init_banksize
 .text.setup_dram_config
                0x0000000087811e84       0x10 common/built-in.o
 .text.board_get_usable_ram_top
                0x0000000087811e94       0x14 common/built-in.o
                0x0000000087811e94                board_get_usable_ram_top
 .text.board_reserve_ram_top
                0x0000000087811ea8        0x4 common/built-in.o
                0x0000000087811ea8                board_reserve_ram_top
 .text.setup_dest_addr
                0x0000000087811eac       0x4c common/built-in.o
 .text.reserve_stacks
                0x0000000087811ef8       0x1c common/built-in.o
 .text.board_init_f
                0x0000000087811f14       0x30 common/built-in.o
                0x0000000087811f14                board_init_f
 .text.bootstage_relocate
                0x0000000087811f44        0x8 common/built-in.o
 .text.initr_reloc
                0x0000000087811f4c       0x18 common/built-in.o
 .text.initr_reloc_global_data
                0x0000000087811f64       0x28 common/built-in.o
 .text.initr_announce
                0x0000000087811f8c        0x8 common/built-in.o
 .text.run_main_loop
                0x0000000087811f94        0xc common/built-in.o
 .text.initr_net
                0x0000000087811fa0       0x1c common/built-in.o
 .text.initr_ethaddr
                0x0000000087811fbc       0x20 common/built-in.o
 .text.initr_enable_interrupts
                0x0000000087811fdc       0x10 common/built-in.o
 .text.initr_jumptable
                0x0000000087811fec       0x10 common/built-in.o
 .text.initr_env
                0x0000000087811ffc       0x30 common/built-in.o
 .text.initr_mmc
                0x000000008781202c       0x20 common/built-in.o
 .text.initr_nand
                0x000000008781204c       0x1c common/built-in.o
 .text.initr_serial
                0x0000000087812068       0x10 common/built-in.o
 .text.initr_bootstage
                0x0000000087812078       0x14 common/built-in.o
 .text.initr_dm
                0x000000008781208c       0x14 common/built-in.o
 .text.initr_malloc
                0x00000000878120a0       0x24 common/built-in.o
 .text.initr_caches
                0x00000000878120c4       0x10 common/built-in.o
 .text.initr_console_record
                0x00000000878120d4        0x8 common/built-in.o
 .text.initr_trace
                0x00000000878120dc        0x8 common/built-in.o
 .text.initr_barrier
                0x00000000878120e4        0x8 common/built-in.o
 .text.cpu_secondary_init_r
                0x00000000878120ec        0x4 common/built-in.o
                0x00000000878120ec                cpu_secondary_init_r
 .text.initr_secondary_cpu
                0x00000000878120f0       0x10 common/built-in.o
 .text.board_init_r
                0x0000000087812100       0x14 common/built-in.o
                0x0000000087812100                board_init_r
 .text.show_board_info
                0x0000000087812114        0x4 common/built-in.o
                0x0000000087812114                show_board_info
 .text.bootm_find_images
                0x0000000087812118       0xa8 common/built-in.o
                0x0000000087812118                bootm_find_images
 .text.bootm_decomp_image
                0x00000000878121c0      0x14c common/built-in.o
                0x00000000878121c0                bootm_decomp_image
 .text.bootm_disable_interrupts
                0x000000008781230c       0x18 common/built-in.o
                0x000000008781230c                bootm_disable_interrupts
 .text.do_bootm_states
                0x0000000087812324      0x750 common/built-in.o
                0x0000000087812324                do_bootm_states
 .text.copy_args
                0x0000000087812a74       0x50 common/built-in.o
 .text.do_bootm_rtems
                0x0000000087812ac4       0x40 common/built-in.o
 .text.do_bootm_plan9
                0x0000000087812b04       0xa4 common/built-in.o
 .text.do_bootm_standalone
                0x0000000087812ba8       0x64 common/built-in.o
 .text.do_bootm_qnxelf
                0x0000000087812c0c       0x5c common/built-in.o
 .text.do_bootm_netbsd
                0x0000000087812c68       0xf8 common/built-in.o
 .text.do_bootvx_fdt
                0x0000000087812d60      0x118 common/built-in.o
                0x0000000087812d60                do_bootvx_fdt
 .text.do_bootm_vxworks
                0x0000000087812e78       0x24 common/built-in.o
 .text.boot_selected_os
                0x0000000087812e9c       0x58 common/built-in.o
                0x0000000087812e9c                boot_selected_os
 .text.bootm_os_get_boot_func
                0x0000000087812ef4       0x10 common/built-in.o
                0x0000000087812ef4                bootm_os_get_boot_func
 .text.regex_callback
                0x0000000087812f04      0x134 common/built-in.o
 .text.env_attr_walk
                0x0000000087813038      0x128 common/built-in.o
                0x0000000087813038                env_attr_walk
 .text.env_attr_lookup
                0x0000000087813160       0x84 common/built-in.o
                0x0000000087813160                env_attr_lookup
 .text.clear_callback
                0x00000000878131e4       0x10 common/built-in.o
 .text.find_env_callback
                0x00000000878131f4       0x64 common/built-in.o
 .text.on_callbacks
                0x0000000087813258       0x50 common/built-in.o
 .text.set_callback
                0x00000000878132a8       0x98 common/built-in.o
 .text.env_callback_init
                0x0000000087813340       0xc4 common/built-in.o
                0x0000000087813340                env_callback_init
 .text.skip_num
                0x0000000087813404       0x78 common/built-in.o
 .text.clear_flags
                0x000000008781347c       0x10 common/built-in.o
 .text.on_flags
                0x000000008781348c       0x50 common/built-in.o
 .text.env_flags_parse_vartype
                0x00000000878134dc       0x50 common/built-in.o
                0x00000000878134dc                env_flags_parse_vartype
 .text.env_flags_parse_varaccess
                0x000000008781352c       0x58 common/built-in.o
                0x000000008781352c                env_flags_parse_varaccess
 .text.set_flags
                0x0000000087813584       0xb0 common/built-in.o
 .text.eth_validate_ethaddr_str
                0x0000000087813634       0x94 common/built-in.o
                0x0000000087813634                eth_validate_ethaddr_str
 .text.env_flags_init
                0x00000000878136c8       0xd8 common/built-in.o
                0x00000000878136c8                env_flags_init
 .text.env_flags_validate
                0x00000000878137a0      0x2b8 common/built-in.o
                0x00000000878137a0                env_flags_validate
 .text.env_init
                0x0000000087813a58       0x1c common/built-in.o
                0x0000000087813a58                env_init
 .text.saveenv  0x0000000087813a74      0x12c common/built-in.o
                0x0000000087813a74                saveenv
 .text.env_relocate_spec
                0x0000000087813ba0       0xe4 common/built-in.o
                0x0000000087813ba0                env_relocate_spec
 .text.fdt_find_and_setprop
                0x0000000087813c84       0x70 common/built-in.o
                0x0000000087813c84                fdt_find_and_setprop
 .text.fdt_find_or_add_subnode
                0x0000000087813cf4       0x60 common/built-in.o
                0x0000000087813cf4                fdt_find_or_add_subnode
 .text.fdt_root
                0x0000000087813d54       0x90 common/built-in.o
                0x0000000087813d54                fdt_root
 .text.fdt_initrd
                0x0000000087813de4      0x1cc common/built-in.o
                0x0000000087813de4                fdt_initrd
 .text.fdt_chosen
                0x0000000087813fb0       0xa8 common/built-in.o
                0x0000000087813fb0                fdt_chosen
 .text.do_fixup_by_path
                0x0000000087814058       0x54 common/built-in.o
                0x0000000087814058                do_fixup_by_path
 .text.fdt_fixup_memory_banks
                0x00000000878140ac      0x1b0 common/built-in.o
                0x00000000878140ac                fdt_fixup_memory_banks
 .text.fdt_fixup_memory
                0x000000008781425c       0x20 common/built-in.o
                0x000000008781425c                fdt_fixup_memory
 .text.fdt_fixup_ethernet
                0x000000008781427c      0x174 common/built-in.o
                0x000000008781427c                fdt_fixup_ethernet
 .text.fdt_shrink_to_minimum
                0x00000000878143f0       0xcc common/built-in.o
                0x00000000878143f0                fdt_shrink_to_minimum
 .text.miiphy_get_dev_by_name
                0x00000000878144bc       0x60 common/built-in.o
                0x00000000878144bc                miiphy_get_dev_by_name
 .text.miiphy_init
                0x000000008781451c       0x24 common/built-in.o
                0x000000008781451c                miiphy_init
 .text.mdio_alloc
                0x0000000087814540       0x30 common/built-in.o
                0x0000000087814540                mdio_alloc
 .text.mdio_register
                0x0000000087814570       0x94 common/built-in.o
                0x0000000087814570                mdio_register
 .text.mdio_unregister
                0x0000000087814604       0x3c common/built-in.o
                0x0000000087814604                mdio_unregister
 .text.mdio_list_devices
                0x0000000087814640       0x98 common/built-in.o
                0x0000000087814640                mdio_list_devices
 .text.miiphy_set_current_dev
                0x00000000878146d8       0x40 common/built-in.o
                0x00000000878146d8                miiphy_set_current_dev
 .text.miiphy_get_active_dev
                0x0000000087814718       0x54 common/built-in.o
 .text.mdio_get_current_dev
                0x000000008781476c       0x10 common/built-in.o
                0x000000008781476c                mdio_get_current_dev
 .text.mdio_phydev_for_ethname
                0x000000008781477c       0x88 common/built-in.o
                0x000000008781477c                mdio_phydev_for_ethname
 .text.miiphy_get_current_dev
                0x0000000087814804       0x18 common/built-in.o
                0x0000000087814804                miiphy_get_current_dev
 .text.miiphy_read
                0x000000008781481c       0x4c common/built-in.o
                0x000000008781481c                miiphy_read
 .text.miiphy_write
                0x0000000087814868       0x40 common/built-in.o
                0x0000000087814868                miiphy_write
 .text.miiphy_listdev
                0x00000000878148a8       0x74 common/built-in.o
                0x00000000878148a8                miiphy_listdev
 .text.miiphy_info
                0x000000008781491c       0x88 common/built-in.o
                0x000000008781491c                miiphy_info
 .text.miiphy_speed
                0x00000000878149a4       0x94 common/built-in.o
                0x00000000878149a4                miiphy_speed
 .text.miiphy_duplex
                0x0000000087814a38       0x94 common/built-in.o
                0x0000000087814a38                miiphy_duplex
 .text.miiphy_is_1000base_x
                0x0000000087814acc        0x8 common/built-in.o
                0x0000000087814acc                miiphy_is_1000base_x
 .text.usb_set_maxpacket_ep
                0x0000000087814ad4       0x70 common/built-in.o
 .text.usb_stop
                0x0000000087814b44       0x80 common/built-in.o
                0x0000000087814b44                usb_stop
 .text.usb_disable_asynch
                0x0000000087814bc4       0x20 common/built-in.o
                0x0000000087814bc4                usb_disable_asynch
 .text.usb_control_msg
                0x0000000087814be4       0xc0 common/built-in.o
                0x0000000087814be4                usb_control_msg
 .text.usb_get_descriptor
                0x0000000087814ca4       0x58 common/built-in.o
 .text.get_descriptor_len
                0x0000000087814cfc       0x90 common/built-in.o
 .text.usb_get_string
                0x0000000087814d8c       0x70 common/built-in.o
 .text.usb_string_sub
                0x0000000087814dfc      0x108 common/built-in.o
 .text.usb_bulk_msg
                0x0000000087814f04       0x70 common/built-in.o
                0x0000000087814f04                usb_bulk_msg
 .text.usb_maxpacket
                0x0000000087814f74       0x1c common/built-in.o
                0x0000000087814f74                usb_maxpacket
 .text.usb_clear_halt
                0x0000000087814f90       0x90 common/built-in.o
                0x0000000087814f90                usb_clear_halt
 .text.usb_get_configuration_len
                0x0000000087815020       0x74 common/built-in.o
                0x0000000087815020                usb_get_configuration_len
 .text.usb_get_configuration_no
                0x0000000087815094       0x34 common/built-in.o
                0x0000000087815094                usb_get_configuration_no
 .text.usb_set_interface
                0x00000000878150c8       0xb4 common/built-in.o
                0x00000000878150c8                usb_set_interface
 .text.usb_string
                0x000000008781517c      0x100 common/built-in.o
                0x000000008781517c                usb_string
 .text.usb_get_dev_index
                0x000000008781527c       0x24 common/built-in.o
                0x000000008781527c                usb_get_dev_index
 .text.usb_alloc_new_device
                0x00000000878152a0       0x9c common/built-in.o
                0x00000000878152a0                usb_alloc_new_device
 .text.usb_free_device
                0x000000008781533c       0x48 common/built-in.o
                0x000000008781533c                usb_free_device
 .text.usb_alloc_device
                0x0000000087815384        0x8 common/built-in.o
                0x0000000087815384                usb_alloc_device
 .text.usb_select_config
                0x000000008781538c      0x458 common/built-in.o
                0x000000008781538c                usb_select_config
 .text.usb_setup_device
                0x00000000878157e4      0x19c common/built-in.o
                0x00000000878157e4                usb_setup_device
 .text.usb_new_device
                0x0000000087815980       0x34 common/built-in.o
                0x0000000087815980                usb_new_device
 .text.usb_init
                0x00000000878159b4      0x168 common/built-in.o
                0x00000000878159b4                usb_init
 .text.usb_device_has_child_on_port
                0x0000000087815b1c       0x14 common/built-in.o
                0x0000000087815b1c                usb_device_has_child_on_port
 .text.usb_find_usb2_hub_address_port
                0x0000000087815b30       0x5c common/built-in.o
                0x0000000087815b30                usb_find_usb2_hub_address_port
 .text.usb_set_port_feature
                0x0000000087815b8c       0x4c common/built-in.o
 .text.usb_clear_port_feature
                0x0000000087815bd8       0x4c common/built-in.o
 .text.usb_get_hub_descriptor
                0x0000000087815c24       0x4c common/built-in.o
 .text.usb_hub_power_on
                0x0000000087815c70       0x6c common/built-in.o
 .text.usb_hub_reset_devices
                0x0000000087815cdc        0x4 common/built-in.o
                0x0000000087815cdc                usb_hub_reset_devices
 .text.usb_get_port_status
                0x0000000087815ce0       0x4c common/built-in.o
                0x0000000087815ce0                usb_get_port_status
 .text.usb_hub_reset
                0x0000000087815d2c       0x14 common/built-in.o
                0x0000000087815d2c                usb_hub_reset
 .text.legacy_hub_port_reset
                0x0000000087815d40       0xa0 common/built-in.o
                0x0000000087815d40                legacy_hub_port_reset
 .text.usb_hub_port_connect_change
                0x0000000087815de0      0x16c common/built-in.o
                0x0000000087815de0                usb_hub_port_connect_change
 .text.usb_hub_configure
                0x0000000087815f4c      0x2c8 common/built-in.o
 .text.usb_hub_probe
                0x0000000087816214       0x54 common/built-in.o
                0x0000000087816214                usb_hub_probe
 .text.usb_stor_irq
                0x0000000087816268       0x1c common/built-in.o
 .text.usb_stor_BBB_reset
                0x0000000087816284       0xd0 common/built-in.o
 .text.usb_stor_CB_reset
                0x0000000087816354       0xd0 common/built-in.o
 .text.usb_stor_BBB_clear_endpt_stall.isra.0
                0x0000000087816424       0x40 common/built-in.o
 .text.usb_stor_BBB_transport
                0x0000000087816464      0x25c common/built-in.o
 .text.usb_stor_CB_comdat
                0x00000000878166c0      0x204 common/built-in.o
 .text.usb_stor_CBI_get_status.isra.2
                0x00000000878168c4       0xc8 common/built-in.o
 .text.usb_stor_CB_transport
                0x000000008781698c      0x228 common/built-in.o
 .text.usb_request_sense.constprop.8
                0x0000000087816bb4       0x70 common/built-in.o
 .text.usb_stor_read
                0x0000000087816c24      0x188 common/built-in.o
 .text.usb_stor_write
                0x0000000087816dac      0x188 common/built-in.o
 .text.usb_stor_get_dev
                0x0000000087816f34       0x28 common/built-in.o
                0x0000000087816f34                usb_stor_get_dev
 .text.usb_stor_info
                0x0000000087816f5c       0x74 common/built-in.o
                0x0000000087816f5c                usb_stor_info
 .text.usb_storage_probe
                0x0000000087816fd0      0x204 common/built-in.o
                0x0000000087816fd0                usb_storage_probe
 .text.usb_stor_get_info
                0x00000000878171d4      0x31c common/built-in.o
                0x00000000878171d4                usb_stor_get_info
 .text.usb_stor_scan
                0x00000000878174f0      0x1f8 common/built-in.o
                0x00000000878174f0                usb_stor_scan
 .text.splash_get_pos
                0x00000000878176e8       0x88 common/built-in.o
                0x00000000878176e8                splash_get_pos
 .text.env_get_char_spec
                0x0000000087817770        0xc common/built-in.o
                0x0000000087817770                env_get_char_spec
 .text.env_get_addr
                0x000000008781777c       0x20 common/built-in.o
                0x000000008781777c                env_get_addr
 .text.env_get_char_memory
                0x000000008781779c       0x10 common/built-in.o
                0x000000008781779c                env_get_char_memory
 .text.env_get_char
                0x00000000878177ac       0x30 common/built-in.o
                0x00000000878177ac                env_get_char
 .text.getenv_yesno
                0x00000000878177dc       0x40 common/built-in.o
                0x00000000878177dc                getenv_yesno
 .text.getenv_default
                0x000000008781781c       0x30 common/built-in.o
                0x000000008781781c                getenv_default
 .text.set_default_env
                0x000000008781784c       0xc0 common/built-in.o
                0x000000008781784c                set_default_env
 .text.set_default_vars
                0x000000008781790c       0x38 common/built-in.o
                0x000000008781790c                set_default_vars
 .text.env_import
                0x0000000087817944       0xdc common/built-in.o
                0x0000000087817944                env_import
 .text.env_export
                0x0000000087817a20       0xa0 common/built-in.o
                0x0000000087817a20                env_export
 .text.env_relocate
                0x0000000087817ac0       0x2c common/built-in.o
                0x0000000087817ac0                env_relocate
 .text.env_complete
                0x0000000087817aec       0xf0 common/built-in.o
                0x0000000087817aec                env_complete
 .text.console_setfile
                0x0000000087817bdc       0xc0 common/built-in.o
 .text.serial_printf
                0x0000000087817c9c       0x44 common/built-in.o
                0x0000000087817c9c                serial_printf
 .text.putc     0x0000000087817ce0       0x34 common/built-in.o
                0x0000000087817ce0                putc
 .text.puts     0x0000000087817d14       0x34 common/built-in.o
                0x0000000087817d14                puts
 .text.fgetc    0x0000000087817d48       0x24 common/built-in.o
                0x0000000087817d48                fgetc
 .text.getc     0x0000000087817d6c       0x24 common/built-in.o
                0x0000000087817d6c                getc
 .text.ftstc    0x0000000087817d90       0x24 common/built-in.o
                0x0000000087817d90                ftstc
 .text.tstc     0x0000000087817db4       0x24 common/built-in.o
                0x0000000087817db4                tstc
 .text.ctrlc    0x0000000087817dd8       0x58 common/built-in.o
                0x0000000087817dd8                ctrlc
 .text.confirm_yesno
                0x0000000087817e30       0xd4 common/built-in.o
                0x0000000087817e30                confirm_yesno
 .text.had_ctrlc
                0x0000000087817f04       0x10 common/built-in.o
                0x0000000087817f04                had_ctrlc
 .text.clear_ctrlc
                0x0000000087817f14       0x14 common/built-in.o
                0x0000000087817f14                clear_ctrlc
 .text.search_device
                0x0000000087817f28       0x28 common/built-in.o
                0x0000000087817f28                search_device
 .text.console_assign
                0x0000000087817f50       0x48 common/built-in.o
                0x0000000087817f50                console_assign
 .text.on_console
                0x0000000087817f98       0xb8 common/built-in.o
 .text.console_init_f
                0x0000000087818050       0x10 common/built-in.o
                0x0000000087818050                console_init_f
 .text.stdio_print_current_devices
                0x0000000087818060       0xb0 common/built-in.o
                0x0000000087818060                stdio_print_current_devices
 .text.console_init_r
                0x0000000087818110      0x180 common/built-in.o
                0x0000000087818110                console_init_r
 .text.sbrk     0x0000000087818290       0x6c common/built-in.o
                0x0000000087818290                sbrk
 .text.mem_malloc_init
                0x00000000878182fc       0x34 common/built-in.o
                0x00000000878182fc                mem_malloc_init
 .text.malloc_trim
                0x0000000087818330       0xcc common/built-in.o
                0x0000000087818330                malloc_trim
 .text.free     0x00000000878183fc      0x24c common/built-in.o
                0x00000000878183fc                free
 .text.malloc   0x0000000087818648      0x628 common/built-in.o
                0x0000000087818648                malloc
 .text.calloc   0x0000000087818c70      0x144 common/built-in.o
                0x0000000087818c70                calloc
 .text.realloc  0x0000000087818db4      0x4e0 common/built-in.o
                0x0000000087818db4                realloc
 .text.memalign
                0x0000000087819294      0x140 common/built-in.o
                0x0000000087819294                memalign
 .text.initf_malloc
                0x00000000878193d4       0x18 common/built-in.o
                0x00000000878193d4                initf_malloc
 .text.malloc_simple
                0x00000000878193ec       0x30 common/built-in.o
                0x00000000878193ec                malloc_simple
 .text.on_loadaddr
                0x000000008781941c       0x38 common/built-in.o
 .text.image_check_hcrc
                0x0000000087819454       0x4c common/built-in.o
                0x0000000087819454                image_check_hcrc
 .text.image_check_dcrc
                0x00000000878194a0       0x38 common/built-in.o
                0x00000000878194a0                image_check_dcrc
 .text.image_multi_count
                0x00000000878194d8       0x1c common/built-in.o
                0x00000000878194d8                image_multi_count
 .text.image_multi_getimg
                0x00000000878194f4       0x80 common/built-in.o
                0x00000000878194f4                image_multi_getimg
 .text.getenv_bootm_low
                0x0000000087819574       0x30 common/built-in.o
                0x0000000087819574                getenv_bootm_low
 .text.getenv_bootm_size
                0x00000000878195a4       0x68 common/built-in.o
                0x00000000878195a4                getenv_bootm_size
 .text.getenv_bootm_mapsize
                0x000000008781960c       0x30 common/built-in.o
                0x000000008781960c                getenv_bootm_mapsize
 .text.memmove_wd
                0x000000008781963c        0xc common/built-in.o
                0x000000008781963c                memmove_wd
 .text.genimg_print_size
                0x0000000087819648       0x30 common/built-in.o
                0x0000000087819648                genimg_print_size
 .text.get_table_entry
                0x0000000087819678       0x24 common/built-in.o
                0x0000000087819678                get_table_entry
 .text.get_table_entry_name
                0x000000008781969c       0x20 common/built-in.o
                0x000000008781969c                get_table_entry_name
 .text.genimg_get_os_name
                0x00000000878196bc       0x18 common/built-in.o
                0x00000000878196bc                genimg_get_os_name
 .text.genimg_get_arch_name
                0x00000000878196d4       0x18 common/built-in.o
                0x00000000878196d4                genimg_get_arch_name
 .text.genimg_get_type_name
                0x00000000878196ec       0x18 common/built-in.o
                0x00000000878196ec                genimg_get_type_name
 .text.genimg_get_comp_name
                0x0000000087819704       0x18 common/built-in.o
                0x0000000087819704                genimg_get_comp_name
 .text.image_print_contents
                0x000000008781971c      0x178 common/built-in.o
                0x000000008781971c                image_print_contents
 .text.genimg_get_kernel_addr_fit
                0x0000000087819894       0x24 common/built-in.o
                0x0000000087819894                genimg_get_kernel_addr_fit
 .text.genimg_get_format
                0x00000000878198b8       0x34 common/built-in.o
                0x00000000878198b8                genimg_get_format
 .text.genimg_get_image
                0x00000000878198ec        0x4 common/built-in.o
                0x00000000878198ec                genimg_get_image
 .text.genimg_has_config
                0x00000000878198f0        0x8 common/built-in.o
                0x00000000878198f0                genimg_has_config
 .text.boot_get_ramdisk
                0x00000000878198f8      0x274 common/built-in.o
                0x00000000878198f8                boot_get_ramdisk
 .text.boot_ramdisk_high
                0x0000000087819b6c      0x138 common/built-in.o
                0x0000000087819b6c                boot_ramdisk_high
 .text.boot_get_setup
                0x0000000087819ca4        0x8 common/built-in.o
                0x0000000087819ca4                boot_get_setup
 .text.image_setup_linux
                0x0000000087819cac       0x8c common/built-in.o
                0x0000000087819cac                image_setup_linux
 .text.fdt_error
                0x0000000087819d38       0x2c common/built-in.o
 .text.boot_fdt_add_mem_rsv_regions
                0x0000000087819d64       0x88 common/built-in.o
                0x0000000087819d64                boot_fdt_add_mem_rsv_regions
 .text.boot_relocate_fdt
                0x0000000087819dec      0x198 common/built-in.o
                0x0000000087819dec                boot_relocate_fdt
 .text.boot_get_fdt
                0x0000000087819f84      0x2ac common/built-in.o
                0x0000000087819f84                boot_get_fdt
 .text.ft_verify_fdt
                0x000000008781a230        0x8 common/built-in.o
                0x000000008781a230                ft_verify_fdt
 .text.image_setup_libfdt
                0x000000008781a238      0x100 common/built-in.o
                0x000000008781a238                image_setup_libfdt
 .text.get_effective_memsize
                0x000000008781a338        0x8 common/built-in.o
                0x000000008781a338                get_effective_memsize
 .text.nulldev_putc
                0x000000008781a340        0x4 common/built-in.o
 .text.nulldev_puts
                0x000000008781a344        0x4 common/built-in.o
 .text.nulldev_input
                0x000000008781a348        0x8 common/built-in.o
 .text.stdio_serial_tstc
                0x000000008781a350        0x4 common/built-in.o
 .text.stdio_serial_getc
                0x000000008781a354        0x4 common/built-in.o
 .text.stdio_serial_puts
                0x000000008781a358        0x8 common/built-in.o
 .text.stdio_serial_putc
                0x000000008781a360        0x8 common/built-in.o
 .text.stdio_get_list
                0x000000008781a368        0xc common/built-in.o
                0x000000008781a368                stdio_get_list
 .text.stdio_get_by_name
                0x000000008781a374       0x5c common/built-in.o
                0x000000008781a374                stdio_get_by_name
 .text.stdio_clone
                0x000000008781a3d0       0x38 common/built-in.o
                0x000000008781a3d0                stdio_clone
 .text.stdio_register_dev
                0x000000008781a408       0x50 common/built-in.o
                0x000000008781a408                stdio_register_dev
 .text.stdio_register
                0x000000008781a458        0x8 common/built-in.o
                0x000000008781a458                stdio_register
 .text.stdio_init_tables
                0x000000008781a460       0x1c common/built-in.o
                0x000000008781a460                stdio_init_tables
 .text.stdio_add_devices
                0x000000008781a47c       0xd4 common/built-in.o
                0x000000008781a47c                stdio_add_devices
 .text.run_command
                0x000000008781a550       0x10 common/built-in.o
                0x000000008781a550                run_command
 .text.run_command_list
                0x000000008781a560       0x7c common/built-in.o
                0x000000008781a560                run_command_list
 .text.do_run   0x000000008781a5dc       0x78 common/built-in.o
                0x000000008781a5dc                do_run
 .text.cli_loop
                0x000000008781a654        0xc common/built-in.o
                0x000000008781a654                cli_loop
 .text.cli_init
                0x000000008781a660        0x4 common/built-in.o
                0x000000008781a660                cli_init
 .text.delete_char.part.0
                0x000000008781a664       0xd0 common/built-in.o
 .text.cread_add_char
                0x000000008781a734       0xe8 common/built-in.o
 .text.cli_readline_into_buffer
                0x000000008781a81c      0x9c0 common/built-in.o
                0x000000008781a81c                cli_readline_into_buffer
 .text.cli_readline
                0x000000008781b1dc       0x14 common/built-in.o
                0x000000008781b1dc                cli_readline
 .text.find_cmd_tbl
                0x000000008781b1f0       0xa4 common/built-in.o
                0x000000008781b1f0                find_cmd_tbl
 .text.find_cmd
                0x000000008781b294       0x28 common/built-in.o
                0x000000008781b294                find_cmd
 .text.cmd_usage
                0x000000008781b2bc       0x5c common/built-in.o
                0x000000008781b2bc                cmd_usage
 .text._do_help
                0x000000008781b318      0x178 common/built-in.o
                0x000000008781b318                _do_help
 .text.var_complete
                0x000000008781b490       0x84 common/built-in.o
                0x000000008781b490                var_complete
 .text.cmd_auto_complete
                0x000000008781b514      0x4b4 common/built-in.o
                0x000000008781b514                cmd_auto_complete
 .text.cmd_get_data_size
                0x000000008781b9c8       0x5c common/built-in.o
                0x000000008781b9c8                cmd_get_data_size
 .text.cmd_process
                0x000000008781ba24       0xec common/built-in.o
                0x000000008781ba24                cmd_process
 .text.cmd_process_error
                0x000000008781bb10       0x30 common/built-in.o
                0x000000008781bb10                cmd_process_error
 .text.hex1_bin
                0x000000008781bb40       0x40 common/built-in.o
 .text.hex2_bin
                0x000000008781bb80       0x38 common/built-in.o
 .text.srec_decode
                0x000000008781bbb8      0x254 common/built-in.o
                0x000000008781bbb8                srec_decode
 .text.CYGACC_COMM_IF_GETC_TIMEOUT.isra.0
                0x000000008781be0c       0x5c common/built-in.o
 .text.xyzModem_flush
                0x000000008781be68       0x1c common/built-in.o
 .text.xyzModem_get_hdr
                0x000000008781be84      0x230 common/built-in.o
 .text.xyzModem_stream_open
                0x000000008781c0b4      0x224 common/built-in.o
                0x000000008781c0b4                xyzModem_stream_open
 .text.xyzModem_stream_read
                0x000000008781c2d8      0x254 common/built-in.o
                0x000000008781c2d8                xyzModem_stream_read
 .text.xyzModem_stream_close
                0x000000008781c52c       0x54 common/built-in.o
                0x000000008781c52c                xyzModem_stream_close
 .text.xyzModem_stream_terminate
                0x000000008781c580       0x94 common/built-in.o
                0x000000008781c580                xyzModem_stream_terminate
 .text.xyzModem_error
                0x000000008781c614       0x20 common/built-in.o
                0x000000008781c614                xyzModem_error
 .text.get_dev_hwpart
                0x000000008781c634       0xa8 disk/built-in.o
 .text.dev_print
                0x000000008781c6dc      0x20c disk/built-in.o
                0x000000008781c6dc                dev_print
 .text.init_part
                0x000000008781c8e8       0x20 disk/built-in.o
                0x000000008781c8e8                init_part
 .text.print_part
                0x000000008781c908       0xf4 disk/built-in.o
                0x000000008781c908                print_part
 .text.get_partition_info
                0x000000008781c9fc       0x2c disk/built-in.o
                0x000000008781c9fc                get_partition_info
 .text.get_device
                0x000000008781ca28      0x128 disk/built-in.o
                0x000000008781ca28                get_device
 .text.get_device_and_partition
                0x000000008781cb50      0x3f8 disk/built-in.o
                0x000000008781cb50                get_device_and_partition
 .text.test_block_type
                0x000000008781cf48       0x84 disk/built-in.o
 .text.print_partition_extended
                0x000000008781cfcc      0x274 disk/built-in.o
 .text.get_partition_info_extended.constprop.1
                0x000000008781d240      0x2fc disk/built-in.o
 .text.test_part_dos
                0x000000008781d53c       0x60 disk/built-in.o
                0x000000008781d53c                test_part_dos
 .text.print_part_dos
                0x000000008781d59c       0x34 disk/built-in.o
                0x000000008781d59c                print_part_dos
 .text.get_partition_info_dos
                0x000000008781d5d0       0x20 disk/built-in.o
                0x000000008781d5d0                get_partition_info_dos
 .text.alloc_priv
                0x000000008781d5f0       0x48 drivers/built-in.o
 .text.device_bind
                0x000000008781d638      0x304 drivers/built-in.o
                0x000000008781d638                device_bind
 .text.device_bind_by_name
                0x000000008781d93c       0x60 drivers/built-in.o
                0x000000008781d93c                device_bind_by_name
 .text.device_probe
                0x000000008781d99c      0x234 drivers/built-in.o
                0x000000008781d99c                device_probe
 .text.dev_get_platdata
                0x000000008781dbd0       0x34 drivers/built-in.o
                0x000000008781dbd0                dev_get_platdata
 .text.dev_get_priv
                0x000000008781dc04       0x34 drivers/built-in.o
                0x000000008781dc04                dev_get_priv
 .text.lists_driver_lookup_name
                0x000000008781dc38       0x4c drivers/built-in.o
                0x000000008781dc38                lists_driver_lookup_name
 .text.lists_uclass_lookup
                0x000000008781dc84       0x3c drivers/built-in.o
                0x000000008781dc84                lists_uclass_lookup
 .text.lists_bind_drivers
                0x000000008781dcc0       0x88 drivers/built-in.o
                0x000000008781dcc0                lists_bind_drivers
 .text.dm_root  0x000000008781dd48       0x2c drivers/built-in.o
                0x000000008781dd48                dm_root
 .text.dm_init  0x000000008781dd74       0x58 drivers/built-in.o
                0x000000008781dd74                dm_init
 .text.dm_scan_platdata
                0x000000008781ddcc       0x2c drivers/built-in.o
                0x000000008781ddcc                dm_scan_platdata
 .text.dm_scan_other
                0x000000008781ddf8        0x8 drivers/built-in.o
                0x000000008781ddf8                dm_scan_other
 .text.dm_init_and_scan
                0x000000008781de00       0x30 drivers/built-in.o
                0x000000008781de00                dm_init_and_scan
 .text.uclass_find
                0x000000008781de30       0x4c drivers/built-in.o
                0x000000008781de30                uclass_find
 .text.uclass_get
                0x000000008781de7c      0x124 drivers/built-in.o
                0x000000008781de7c                uclass_get
 .text.uclass_find_device
                0x000000008781dfa0       0x74 drivers/built-in.o
                0x000000008781dfa0                uclass_find_device
 .text.uclass_find_device_by_seq
                0x000000008781e014       0x7c drivers/built-in.o
                0x000000008781e014                uclass_find_device_by_seq
 .text.uclass_get_device_tail
                0x000000008781e090       0x2c drivers/built-in.o
                0x000000008781e090                uclass_get_device_tail
 .text.uclass_get_device
                0x000000008781e0bc       0x30 drivers/built-in.o
                0x000000008781e0bc                uclass_get_device
 .text.uclass_bind_device
                0x000000008781e0ec       0x7c drivers/built-in.o
                0x000000008781e0ec                uclass_bind_device
 .text.uclass_unbind_device
                0x000000008781e168       0x4c drivers/built-in.o
                0x000000008781e168                uclass_unbind_device
 .text.uclass_resolve_seq
                0x000000008781e1b4       0xb0 drivers/built-in.o
                0x000000008781e1b4                uclass_resolve_seq
 .text.uclass_pre_probe_device
                0x000000008781e264       0x64 drivers/built-in.o
                0x000000008781e264                uclass_pre_probe_device
 .text.uclass_post_probe_device
                0x000000008781e2c8       0x20 drivers/built-in.o
                0x000000008781e2c8                uclass_post_probe_device
 .text.uclass_pre_remove_device
                0x000000008781e2e8       0x20 drivers/built-in.o
                0x000000008781e2e8                uclass_pre_remove_device
 .text.dm_warn  0x000000008781e308       0x28 drivers/built-in.o
                0x000000008781e308                dm_warn
 .text.device_free
                0x000000008781e330       0x90 drivers/built-in.o
                0x000000008781e330                device_free
 .text.device_remove
                0x000000008781e3c0      0x138 drivers/built-in.o
                0x000000008781e3c0                device_remove
 .text.show_devices
                0x000000008781e4f8       0xfc drivers/built-in.o
 .text.dm_dump_all
                0x000000008781e5f4       0x3c drivers/built-in.o
                0x000000008781e5f4                dm_dump_all
 .text.dm_dump_uclass
                0x000000008781e630       0xdc drivers/built-in.o
                0x000000008781e630                dm_dump_uclass
 .text.finish_access
                0x000000008781e70c       0x2c drivers/built-in.o
 .text.setup_direct_access
                0x000000008781e738      0x120 drivers/built-in.o
 .text.prepare_access
                0x000000008781e858       0xcc drivers/built-in.o
 .text.fuse_bank_physical
                0x000000008781e924       0xd4 drivers/built-in.o
                0x000000008781e924                fuse_bank_physical
 .text.fuse_word_physical
                0x000000008781e9f8       0x40 drivers/built-in.o
                0x000000008781e9f8                fuse_word_physical
 .text.fuse_read
                0x000000008781ea38       0x80 drivers/built-in.o
                0x000000008781ea38                fuse_read
 .text.fuse_sense
                0x000000008781eab8       0x94 drivers/built-in.o
                0x000000008781eab8                fuse_sense
 .text.fuse_prog
                0x000000008781eb4c       0x88 drivers/built-in.o
                0x000000008781eb4c                fuse_prog
 .text.fuse_override
                0x000000008781ebd4       0x78 drivers/built-in.o
                0x000000008781ebd4                fuse_override
 .text.video_invertchar
                0x000000008781ec4c       0x74 drivers/built-in.o
 .text.draw_bitmap
                0x000000008781ecc0       0xdc drivers/built-in.o
 .text.video_putc.part.1
                0x000000008781ed9c       0x28 drivers/built-in.o
 .text.console_newline.constprop.3
                0x000000008781edc4       0xc8 drivers/built-in.o
 .text.board_cfb_skip
                0x000000008781ee8c        0x8 drivers/built-in.o
                0x000000008781ee8c                board_cfb_skip
 .text.console_cursor
                0x000000008781ee94       0x98 drivers/built-in.o
                0x000000008781ee94                console_cursor
 .text.video_putc
                0x000000008781ef2c      0x508 drivers/built-in.o
 .text.video_puts
                0x000000008781f434       0x7c drivers/built-in.o
 .text.video_set_lut
                0x000000008781f4b0        0x4 drivers/built-in.o
                0x000000008781f4b0                video_set_lut
 .text.display_rle8_bitmap
                0x000000008781f4b4      0x374 drivers/built-in.o
 .text.video_display_bitmap
                0x000000008781f828      0x934 drivers/built-in.o
                0x000000008781f828                video_display_bitmap
 .text.video_clear
                0x000000008782015c       0x54 drivers/built-in.o
                0x000000008782015c                video_clear
 .text.drv_video_init
                0x00000000878201b0      0x21c drivers/built-in.o
                0x00000000878201b0                drv_video_init
 .text.mxsfb_system_setup
                0x00000000878203cc        0x4 drivers/built-in.o
                0x00000000878203cc                mxsfb_system_setup
 .text.mxs_lcd_panel_setup
                0x00000000878203d0       0x78 drivers/built-in.o
                0x00000000878203d0                mxs_lcd_panel_setup
 .text.lcdif_power_down
                0x0000000087820448       0x5c drivers/built-in.o
                0x0000000087820448                lcdif_power_down
 .text.video_hw_init
                0x00000000878204a4      0x378 drivers/built-in.o
                0x00000000878204a4                video_hw_init
 .text.video_get_param_len.constprop.1
                0x000000008782081c       0x20 drivers/built-in.o
 .text.video_get_params
                0x000000008782083c      0x4d8 drivers/built-in.o
                0x000000008782083c                video_get_params
 .text.reset_cpu
                0x0000000087820d14       0x48 drivers/built-in.o
                0x0000000087820d14                reset_cpu
 .text.thermal_get_temp
                0x0000000087820d5c       0x20 drivers/built-in.o
                0x0000000087820d5c                thermal_get_temp
 *fill*         0x0000000087820d7c        0x4 
 .text.read_cpu_temperature
                0x0000000087820d80      0x14c drivers/built-in.o
 .text.imx_thermal_get_temp
                0x0000000087820ecc       0x64 drivers/built-in.o
                0x0000000087820ecc                imx_thermal_get_temp
 .text.imx_thermal_probe
                0x0000000087820f30       0xc8 drivers/built-in.o
 .text.mxs_dma_validate_chan
                0x0000000087820ff8       0x34 drivers/dma/built-in.o
                0x0000000087820ff8                mxs_dma_validate_chan
 .text.mxs_dma_ack_irq
                0x000000008782102c       0x30 drivers/dma/built-in.o
 .text.mxs_dma_reset
                0x000000008782105c       0x30 drivers/dma/built-in.o
 .text.mxs_dma_flush_desc
                0x000000008782108c        0x8 drivers/dma/built-in.o
                0x000000008782108c                mxs_dma_flush_desc
 .text.mxs_dma_release
                0x0000000087821094       0x48 drivers/dma/built-in.o
                0x0000000087821094                mxs_dma_release
 .text.mxs_dma_desc_alloc
                0x00000000878210dc       0x30 drivers/dma/built-in.o
                0x00000000878210dc                mxs_dma_desc_alloc
 .text.mxs_dma_desc_free
                0x000000008782110c        0xc drivers/dma/built-in.o
                0x000000008782110c                mxs_dma_desc_free
 .text.mxs_dma_desc_append
                0x0000000087821118       0xc8 drivers/dma/built-in.o
                0x0000000087821118                mxs_dma_desc_append
 .text.mxs_dma_go
                0x00000000878211e0      0x2f8 drivers/dma/built-in.o
                0x00000000878211e0                mxs_dma_go
 .text.mxs_dma_init
                0x00000000878214d8       0x28 drivers/dma/built-in.o
                0x00000000878214d8                mxs_dma_init
 .text.mxs_dma_init_channel
                0x0000000087821500       0x80 drivers/dma/built-in.o
                0x0000000087821500                mxs_dma_init_channel
 .text.gpio_set_value
                0x0000000087821580       0x44 drivers/gpio/built-in.o
                0x0000000087821580                gpio_set_value
 .text.gpio_get_value
                0x00000000878215c4       0x34 drivers/gpio/built-in.o
                0x00000000878215c4                gpio_get_value
 .text.gpio_request
                0x00000000878215f8       0x10 drivers/gpio/built-in.o
                0x00000000878215f8                gpio_request
 .text.gpio_free
                0x0000000087821608        0x8 drivers/gpio/built-in.o
                0x0000000087821608                gpio_free
 .text.gpio_direction_input
                0x0000000087821610       0x3c drivers/gpio/built-in.o
                0x0000000087821610                gpio_direction_input
 .text.gpio_direction_output
                0x000000008782164c       0x50 drivers/gpio/built-in.o
                0x000000008782164c                gpio_direction_output
 .text.i2c_get_adapter
                0x000000008782169c       0x64 drivers/i2c/built-in.o
                0x000000008782169c                i2c_get_adapter
 .text.i2c_init_bus
                0x0000000087821700       0x90 drivers/i2c/built-in.o
 .text.i2c_get_bus_num
                0x0000000087821790        0x8 drivers/i2c/built-in.o
                0x0000000087821790                i2c_get_bus_num
 .text.i2c_set_bus_num
                0x0000000087821798       0xb8 drivers/i2c/built-in.o
                0x0000000087821798                i2c_set_bus_num
 .text.i2c_init_all
                0x0000000087821850       0x14 drivers/i2c/built-in.o
                0x0000000087821850                i2c_init_all
 .text.i2c_probe
                0x0000000087821864       0x2c drivers/i2c/built-in.o
                0x0000000087821864                i2c_probe
 .text.i2c_read
                0x0000000087821890       0x4c drivers/i2c/built-in.o
                0x0000000087821890                i2c_read
 .text.i2c_write
                0x00000000878218dc       0x4c drivers/i2c/built-in.o
                0x00000000878218dc                i2c_write
 .text.i2c_set_bus_speed
                0x0000000087821928       0x64 drivers/i2c/built-in.o
                0x0000000087821928                i2c_set_bus_speed
 .text.i2c_get_bus_speed
                0x000000008782198c       0x14 drivers/i2c/built-in.o
                0x000000008782198c                i2c_get_bus_speed
 .text.i2c_init
                0x00000000878219a0       0x14 drivers/i2c/built-in.o
                0x00000000878219a0                i2c_init
 .text.wait_for_sr_state
                0x00000000878219b4      0x100 drivers/i2c/built-in.o
 .text.tx_byte  0x0000000087821ab4       0x50 drivers/i2c/built-in.o
 .text.bus_i2c_set_bus_speed
                0x0000000087821b04       0xb4 drivers/i2c/built-in.o
 .text.mxc_i2c_set_bus_speed
                0x0000000087821bb8       0x18 drivers/i2c/built-in.o
 .text.i2c_imx_stop
                0x0000000087821bd0       0x50 drivers/i2c/built-in.o
 .text.__i2c_force_reset_slave
                0x0000000087821c20        0x4 drivers/i2c/built-in.o
                0x0000000087821c20                __i2c_force_reset_slave
                0x0000000087821c20                i2c_force_reset_slave
 .text.i2c_idle_bus
                0x0000000087821c24       0x24 drivers/i2c/built-in.o