apbh_dma.c:30:5:mxs_dma_validate_chan	0	static
apbh_dma.c:263:12:mxs_dma_ack_irq	8	static
apbh_dma.c:210:12:mxs_dma_reset	8	static
apbh_dma.c:86:6:mxs_dma_flush_desc	0	static
apbh_dma.c:314:5:mxs_dma_release	8	static
apbh_dma.c:339:22:mxs_dma_desc_alloc	8	static
apbh_dma.c:359:6:mxs_dma_desc_free	0	static
apbh_dma.c:406:5:mxs_dma_desc_append	24	static
apbh_dma.c:522:5:mxs_dma_go	32	static
apbh_dma.c:553:6:mxs_dma_circ_start	16	static
apbh_dma.c:572:6:mxs_dma_init	8	static
apbh_dma.c:604:5:mxs_dma_init_channel	16	static
